
> microbiology-dept@0.1.0 build
> next build

[baseline-browser-mapping] The data in this module is over two months old.  To ensure accurate Baseline data, please update: `npm i baseline-browser-mapping@latest -D`
▲ Next.js 16.1.1 (Turbopack)

  Creating an optimized production build ...
[baseline-browser-mapping] The data in this module is over two months old.  To ensure accurate Baseline data, please update: `npm i baseline-browser-mapping@latest -D`

> Build error occurred
Error: Turbopack build failed with 1 errors:
./app/page.tsx:9:23
Ecmascript file had an error
[0m [90m  7 |[39m [36mimport[39m dynamic [36mfrom[39m [32m"next/dynamic"[39m[33m;[39m
 [90m  8 |[39m
[31m[1m>[22m[39m[90m  9 |[39m [36mconst[39m [33mHeroParticles[39m [33m=[39m dynamic(() [33m=>[39m [36mimport[39m([32m"./components/HeroParticles"[39m)[33m,[39m { ssr[33m:[39m [36mfalse[39m })[33m;[39m
 [90m    |[39m                       [31m[1m^[22m[39m[31m[1m^[22m[39m[31m[1m^[22m[39m[31m[1m^[22m[39m[31m[1m^[22m[39m[31m[1m^[22m[39m[31m[1m^[22m[39m[31m[1m^[22m[39m[31m[1m^[22m[39m[31m[1m^[22m[39m[31m[1m^[22m[39m[31m[1m^[22m[39m[31m[1m^[22m[39m[31m[1m^[22m[39m[31m[1m^[22m[39m[31m[1m^[22m[39m[31m[1m^[22m[39m[31m[1m^[22m[39m[31m[1m^[22m[39m[31m[1m^[22m[39m[31m[1m^[22m[39m[31m[1m^[22m[39m[31m[1m^[22m[39m[31m[1m^[22m[39m[31m[1m^[22m[39m[31m[1m^[22m[39m[31m[1m^[22m[39m[31m[1m^[22m[39m[31m[1m^[22m[39m[31m[1m^[22m[39m[31m[1m^[22m[39m[31m[1m^[22m[39m[31m[1m^[22m[39m[31m[1m^[22m[39m[31m[1m^[22m[39m[31m[1m^[22m[39m[31m[1m^[22m[39m[31m[1m^[22m[39m[31m[1m^[22m[39m[31m[1m^[22m[39m[31m[1m^[22m[39m[31m[1m^[22m[39m[31m[1m^[22m[39m[31m[1m^[22m[39m[31m[1m^[22m[39m[31m[1m^[22m[39m[31m[1m^[22m[39m[31m[1m^[22m[39m[31m[1m^[22m[39m[31m[1m^[22m[39m[31m[1m^[22m[39m[31m[1m^[22m[39m[31m[1m^[22m[39m[31m[1m^[22m[39m[31m[1m^[22m[39m[31m[1m^[22m[39m[31m[1m^[22m[39m[31m[1m^[22m[39m[31m[1m^[22m[39m[31m[1m^[22m[39m[31m[1m^[22m[39m[31m[1m^[22m[39m[31m[1m^[22m[39m[31m[1m^[22m[39m[31m[1m^[22m[39m[31m[1m^[22m[39m[31m[1m^[22m[39m
 [90m 10 |[39m
 [90m 11 |[39m [36mexport[39m [36mdefault[39m [36mfunction[39m [33mHome[39m() {
 [90m 12 |[39m   [36mconst[39m areas [33m=[39m researchAreas [36mas[39m { slug[33m:[39m string[33m;[39m title[33m:[39m string[33m;[39m description[33m:[39m string }[][33m;[39m[0m

`ssr: false` is not allowed with `next/dynamic` in Server Components. Please move it into a Client Component.


    at <unknown> (./app/page.tsx:9:23)
